ok 1 - XmFontListEntry.c:Create entry:create_entry_with_invalid_type: Passed
PASS: tests 1 - XmFontListEntry.c:Create entry:create_entry_with_invalid_type: Passed
ok 2 - XmFontListEntry.c:Create entry:create_entry_with_invalid_tag: Passed
PASS: tests 2 - XmFontListEntry.c:Create entry:create_entry_with_invalid_tag: Passed
ok 3 - XmFontListEntry.c:Create entry:create_entry_with_invalid_font: Passed
PASS: tests 3 - XmFontListEntry.c:Create entry:create_entry_with_invalid_font: Passed
ok 4 - XmFontListEntry.c:Create entry:create_entry_from_font: Passed
PASS: tests 4 - XmFontListEntry.c:Create entry:create_entry_from_font: Passed
ok 5 - XmFontListEntry.c:Create entry:create_entry_from_fontset: Passed
PASS: tests 5 - XmFontListEntry.c:Create entry:create_entry_from_fontset: Passed
ok 6 - XmFontListEntry.c:Load entry:load_entry_invalid_type: Passed
PASS: tests 6 - XmFontListEntry.c:Load entry:load_entry_invalid_type: Passed
ok 7 - XmFontListEntry.c:Load entry:load_entry_invalid_tag: Passed
PASS: tests 7 - XmFontListEntry.c:Load entry:load_entry_invalid_tag: Passed
ok 8 - XmFontListEntry.c:Load entry:load_entry_invalid_name: Passed
PASS: tests 8 - XmFontListEntry.c:Load entry:load_entry_invalid_name: Passed
ok 9 - XmFontListEntry.c:Load entry:load_entry: Passed
PASS: tests 9 - XmFontListEntry.c:Load entry:load_entry: Passed
ok 10 - XmFontListEntry.c:Get entry properties:get_font_invalid_entry: Passed
PASS: tests 10 - XmFontListEntry.c:Get entry properties:get_font_invalid_entry: Passed
ok 11 - XmFontListEntry.c:Get entry properties:get_font: Passed
PASS: tests 11 - XmFontListEntry.c:Get entry properties:get_font: Passed
ok 12 - XmFontListEntry.c:Get entry properties:get_tag_invalid_entry: Passed
PASS: tests 12 - XmFontListEntry.c:Get entry properties:get_tag_invalid_entry: Passed
ok 13 - XmFontListEntry.c:Get entry properties:get_tag: Passed
PASS: tests 13 - XmFontListEntry.c:Get entry properties:get_tag: Passed
ok 14 - XmFontList.c:Create font list:create_from_invalid_entry: Passed
PASS: tests 14 - XmFontList.c:Create font list:create_from_invalid_entry: Passed
ok 15 - XmFontList.c:Create font list:create_from_valid_entry: Passed
PASS: tests 15 - XmFontList.c:Create font list:create_from_valid_entry: Passed
ok 16 - XmFontList.c:Add an entry to a font list:add_invalid_entry: Passed
PASS: tests 16 - XmFontList.c:Add an entry to a font list:add_invalid_entry: Passed
ok 17 - XmFontList.c:Add an entry to a font list:add_valid_entry: Passed
PASS: tests 17 - XmFontList.c:Add an entry to a font list:add_valid_entry: Passed
ok 18 - XmFontList.c:Remove an entry from a font list:remove_entry_invalid_list: Passed
PASS: tests 18 - XmFontList.c:Remove an entry from a font list:remove_entry_invalid_list: Passed
ok 19 - XmFontList.c:Remove an entry from a font list:remove_entry_invalid_entry: Passed
PASS: tests 19 - XmFontList.c:Remove an entry from a font list:remove_entry_invalid_entry: Passed
ok 20 - XmFontList.c:Remove an entry from a font list:remove_entry_not_in_list: Passed
PASS: tests 20 - XmFontList.c:Remove an entry from a font list:remove_entry_not_in_list: Passed
ok 21 - XmFontList.c:Remove an entry from a font list:remove_entry: Passed
PASS: tests 21 - XmFontList.c:Remove an entry from a font list:remove_entry: Passed
ok 22 - XmFontList.c:Remove an entry from a font list:remove_sole_entry: Passed
PASS: tests 22 - XmFontList.c:Remove an entry from a font list:remove_sole_entry: Passed
ok 23 - XmFontList.c:Copy a font list:copy_list_invalid: Passed
PASS: tests 23 - XmFontList.c:Copy a font list:copy_list_invalid: Passed
ok 24 - XmFontList.c:Copy a font list:copy_list: Passed
PASS: tests 24 - XmFontList.c:Copy a font list:copy_list: Passed
ok 25 - XmFontList.c:Enumerate a font list:font_context_null_return: Passed
PASS: tests 25 - XmFontList.c:Enumerate a font list:font_context_null_return: Passed
ok 26 - XmFontList.c:Enumerate a font list:font_context_empty_list: Passed
PASS: tests 26 - XmFontList.c:Enumerate a font list:font_context_empty_list: Passed
ok 27 - XmFontList.c:Enumerate a font list:enum_null_context: Passed
PASS: tests 27 - XmFontList.c:Enumerate a font list:enum_null_context: Passed
ok 28 - XmFontList.c:Enumerate a font list:enum_first_entry: Passed
PASS: tests 28 - XmFontList.c:Enumerate a font list:enum_first_entry: Passed
ok 29 - XmFontList.c:Enumerate a font list:enum_second_entry: Passed
PASS: tests 29 - XmFontList.c:Enumerate a font list:enum_second_entry: Passed
ok 30 - XmFontList.c:Enumerate a font list:enum_beyond_the_end: Passed
PASS: tests 30 - XmFontList.c:Enumerate a font list:enum_beyond_the_end: Passed
ok 31 - Png.c:Load PNG images:load_invalid_header: Passed
PASS: tests 31 - Png.c:Load PNG images:load_invalid_header: Passed
ok 32 - Png.c:Load PNG images:load_rgb24: Passed
PASS: tests 32 - Png.c:Load PNG images:load_rgb24: Passed
ok 33 - Png.c:Load PNG images:load_rgba32: Passed
PASS: tests 33 - Png.c:Load PNG images:load_rgba32: Passed
ok 34 - Png.c:Load PNG images:load_rgba32_bgcolor: Passed
PASS: tests 34 - Png.c:Load PNG images:load_rgba32_bgcolor: Passed
ok 35 - Jpeg.c:Load JPEG images:load_invalid_header: Passed
PASS: tests 35 - Jpeg.c:Load JPEG images:load_invalid_header: Passed
ok 36 - Jpeg.c:Load JPEG images:load_rgb24: Passed
PASS: tests 36 - Jpeg.c:Load JPEG images:load_rgb24: Passed
ok 37 - Jpeg.c:Load JPEG images:load_grayscale: Passed
PASS: tests 37 - Jpeg.c:Load JPEG images:load_grayscale: Passed
ok 38 - Svg.c:Load SVG images:load_invalid_file: Passed
PASS: tests 38 - Svg.c:Load SVG images:load_invalid_file: Passed
ok 39 - Svg.c:Load SVG images:load_test_image: Passed
PASS: tests 39 - Svg.c:Load SVG images:load_test_image: Passed
ok 40 - Svg.c:Load SVG images:rasterize_image: Passed
PASS: tests 40 - Svg.c:Load SVG images:rasterize_image: Passed
1..40
