=======================================
   motif 2.4.0: tests/test-suite.log
=======================================

# TOTAL: 40
# PASS:  40
# SKIP:  0
# XFAIL: 0
# FAIL:  0
# XPASS: 0
# ERROR: 0

.. contents:: :depth: 2

